../Core/Src/main.c:100:5:main	16	static
../Core/Src/main.c:200:6:SystemClock_Config	160	static
../Core/Src/main.c:245:13:MX_UART5_Init	8	static
../Core/Src/main.c:280:13:MX_USART2_UART_Init	8	static
../Core/Src/main.c:315:13:MX_GPIO_Init	40	static
../Core/Src/main.c:347:6:HAL_UART_RxCpltCallback	16	static
../Core/Src/main.c:370:6:StartHeartbeatTask	16	static
../Core/Src/main.c:387:6:StartGpsTask	160	static
../Core/Src/main.c:422:6:parse_gps_line	64	static
../Core/Src/main.c:467:7:extract_gps_column	24	static
../Core/Src/main.c:507:6:StartDefaultTask	16	static
../Core/Src/main.c:529:6:HAL_TIM_PeriodElapsedCallback	16	static
../Core/Src/main.c:547:6:Error_Handler	4	static,ignoring_inline_asm
