../Core/Src/main.c:100:5:main	16	static
../Core/Src/main.c:200:6:SystemClock_Config	160	static
../Core/Src/main.c:245:13:MX_UART5_Init	8	static
../Core/Src/main.c:280:13:MX_USART2_UART_Init	8	static
../Core/Src/main.c:315:13:MX_GPIO_Init	40	static
../Core/Src/main.c:347:6:HAL_UART_RxCpltCallback	24	static,ignoring_inline_asm
../Core/Src/main.c:375:6:StartHeartbeatTask	16	static
../Core/Src/main.c:392:6:StartGpsTask	160	static
../Core/Src/main.c:438:6:parse_gps_line	64	static
../Core/Src/main.c:517:7:extract_gps_column	24	static
../Core/Src/main.c:563:6:StartDefaultTask	16	static
../Core/Src/main.c:585:6:HAL_TIM_PeriodElapsedCallback	16	static
../Core/Src/main.c:603:6:Error_Handler	4	static,ignoring_inline_asm
